// Jest Snapshot v1, https://goo.gl/fbAQLP

exports[`Header renders correctly 1`] = `
<header>
  <div
    className="siteTitle"
  >
    <a
      href="/"
    >
      Site Title
    </a>
  </div>
  <nav>
    <span
      style={
        Object {
          "marginRight": "1em",
        }
      }
    >
      <a
        href="http://localhost/testpage"
      >
        Testpage
      </a>
    </span>
  </nav>
</header>
`;
